[36mvite v5.4.21 [32mbuilding for production...[36m[39m
transforming...
[32mΓ£ô[39m 1748 modules transformed.
node.exe : 
[31mx[39m Build 
failed in 4.21s
At line:1 char:1
+ & "C:\Program File
s\nodejs/node.exe" 
"C:\Program Files\no
dejs/node_mo ...
+ ~~~~~~~~~~~~~~~~~~
~~~~~~~~~~~~~~~~~~~~
~~~~~~~~~~~~~~~~~~~~
~~~~~~~~~~~
    + CategoryInfo  
            : NotS  
  pecified: ([31   
 mx[39m Build f    
ailed in 4.21s:    
String) [], Rem    
oteException
    + FullyQualifie 
   dErrorId : Nati  
  veCommandError
 
[31merror during 
build:
[31mCould not 
resolve "../../../ut
ils/formatters" 
from "src/components
/upload/DropZone.jsx
"[31m
file: [36mC:/Users/
Razi/Documents/HackS
avy1/final2/frontend
/src/components/uplo
ad/DropZone.jsx[31m
    at 
getRollupError (file
:///C:/Users/Razi/Do
cuments/HackSavy1/fi
nal2/frontend/node_m
odules/rollup/dist/e
s/shared/parseAst.js
:402:41)
    at error (file:/
//C:/Users/Razi/Docu
ments/HackSavy1/fina
l2/frontend/node_mod
ules/rollup/dist/es/
shared/parseAst.js:3
98:42)
    at ModuleLoader.
handleInvalidResolve
dId (file:///C:/User
s/Razi/Documents/Hac
kSavy1/final2/fronte
nd/node_modules/roll
up/dist/es/shared/no
de-entry.js:21687:24
)
    at file:///C:/Us
ers/Razi/Documents/H
ackSavy1/final2/fron
tend/node_modules/ro
llup/dist/es/shared/
node-entry.js:21647:
26[39m
